Initializing DB Connection Test Protocol...
Attempting to connect to: mysql+pymysql://root:AKArsh%40123@127.0.0.1/project
Successfully connected to the database and created all tables.

[!] An unexpected error occurred: (pymysql.err.DataError) (1265, "Data truncated for column 'status' at row 1")
[SQL: INSERT INTO orders (items, total_amount, status, created_at) VALUES (%(items)s, %(total_amount)s, %(status)s, %(created_at)s)]
[parameters: {'items': '[{"item_name": "pizza", "qty": 1}]', 'total_amount': 299.0, 'status': 'TESTING_DB_CONN', 'created_at': datetime.datetime(2026, 3, 22, 10, 31, 41, 375051)}]
(Background on this error at: https://sqlalche.me/e/20/9h9h)
